  
 
 
SOURCE   FILE #01 =>SIMPLE.TEST.ASM
***** INVALID IDENTIFIER ERROR IN LINE    3 
 
***** INVALID IDENTIFIER ERROR IN LINE    5 
 
***** INVALID IDENTIFIER ERROR IN LINE   12 
 
***** INVALID IDENTIFIER ERROR IN LINE   15 
 
***** INVALID IDENTIFIER ERROR IN LINE   18 
 
***** UNDEFINED OPCODE ERROR IN LINE   19 
 
0000:                1 * SIMPLE TEST FILE FOR EDASM COMPARISON
0000:                2 * Tests basic assembly operations
 
***** UNDEFINED OPCODE ERROR IN LINE    3 
0000:  00 06 07      3 
----- NEXT OBJECT FILE NAME IS /OUT/SIMPLE.TEST.OBJ          
0800:        0800    4                                    ORG   $0800
 
***** UNDEFINED OPCODE ERROR IN LINE    5 
0800:  00 06 07      5 
0803:A9 00           6 START                         LDA   #$00
0805:8D 00 C0        7                                    STA   $C000
0808:A2 10           8                                    LDX   #$10
080A:CA              9 LOOP                            DEX
080B:D0 FD   080A   10                                    BNE   LOOP
080D:60             11                                     RTS
 
***** UNDEFINED OPCODE ERROR IN LINE   12 
080E:  60 FD 00     12 
0811:01 02 03 04    13 DATA                           DFB   $01,$02,$03,$04
0815:05 06 07 08    14                                    DFB   $05,$06,$07,$08
 
***** UNDEFINED OPCODE ERROR IN LINE   15 
0819:  05 06 07     15 
081C:48 45 4C 4C    16 MESSAGE   ASC                  "HELLO WORLD"
0827:00             17                                    DFB   $00
 
***** UNDEFINED OPCODE ERROR IN LINE   18 
0828:  00 4C 44     18 
 
***** UNDEFINED OPCODE ERROR IN LINE   19 
082B:  00 4C 44     19 END
?0811 DATA          ?082B END            080A LOOP          ?081C MESSAGE       
?0803 START          
ERROR SUMMARY
INVALID IDENTIFIER ERROR IN LINE    3 OF FILE # 01
INVALID IDENTIFIER ERROR IN LINE    5 OF FILE # 01
INVALID IDENTIFIER ERROR IN LINE   12 OF FILE # 01
INVALID IDENTIFIER ERROR IN LINE   15 OF FILE # 01
INVALID IDENTIFIER ERROR IN LINE   18 OF FILE # 01
UNDEFINED OPCODE ERROR IN LINE   19 OF FILE # 01
UNDEFINED OPCODE ERROR IN LINE    3 OF FILE # 01
UNDEFINED OPCODE ERROR IN LINE    5 OF FILE # 01
 
   12  ERRORS IN THIS ASSEMBLY
** ASSEMBLER CREATED ON 30-APR-85 22:46 
** TOTAL LINES ASSEMBLED    19 
** FREE SPACE PAGE COUNT   84 
