  
 
 
SOURCE   FILE #01 =>EI.S
***** UNDEFINED OPCODE ERROR IN LINE    1 
 
***** DUPLICATE IDENTIFIER ERROR IN LINE    2 
 
***** DUPLICATE IDENTIFIER ERROR IN LINE    3 
 
***** DUPLICATE IDENTIFIER ERROR IN LINE    4 
 
***** DUPLICATE IDENTIFIER ERROR IN LINE    5 
 
 
***** UNDEFINED OPCODE ERROR IN LINE    1 
0000:  00 00 00      1 INCLUDE   COMMONEQUS.S
 
***** UNDEFINED OPCODE ERROR IN LINE    2 
0003:  00 00 00      2 INCLUDE   EI/EQUATES.S
 
***** UNDEFINED OPCODE ERROR IN LINE    3 
0006:  00 00 00      3 INCLUDE   EI/EXTERNALS.S
 
***** UNDEFINED OPCODE ERROR IN LINE    4 
0009:  00 00 00      4 INCLUDE   EI/EDASMINT.S
 
***** UNDEFINED OPCODE ERROR IN LINE    5 
000C:  00 00 00      5 INCLUDE   EI/RELOCATOR.S
   00 INCLUDE       
ERROR SUMMARY
UNDEFINED OPCODE ERROR IN LINE    1 OF FILE # 01
DUPLICATE IDENTIFIER ERROR IN LINE    2 OF FILE # 01
DUPLICATE IDENTIFIER ERROR IN LINE    3 OF FILE # 01
DUPLICATE IDENTIFIER ERROR IN LINE    4 OF FILE # 01
DUPLICATE IDENTIFIER ERROR IN LINE    5 OF FILE # 01
UNDEFINED OPCODE ERROR IN LINE    1 OF FILE # 01
UNDEFINED OPCODE ERROR IN LINE    2 OF FILE # 01
UNDEFINED OPCODE ERROR IN LINE    3 OF FILE # 01
 
   10  ERRORS IN THIS ASSEMBLY
** ASSEMBLER CREATED ON 30-APR-85 22:46 
** TOTAL LINES ASSEMBLED     5 
** FREE SPACE PAGE COUNT   84 
