
SOURCE   FILE #01 =>SIMPLE_TEST.ASM

0000:                1 * SIMPLE TEST FILE FOR EDASM COMPARISON [WS]
0000:                2 * Tests basic assembly operations
0000:                3 ;
----- NEXT OBJECT FILE NAME IS /OUT/SIMPLE_TEST.OBJ          
0800:        0800    4                                     ORG   $0800
0800:                5 ;
0800:A9 00           6 START                         LDA   #$00
0802:8D 00 C0        7                                     STA   $C000
0805:A2 10           8                                     LDX   #$10
0807:CA              9 LOOP                            DEX
0808:D0 FD   0807   10                                     BNE   LOOP
080A:60             11                                     RTS
080B:               12 ;
080B:01 02 03 04    13 DATA                          DFB   $01,$02,$03,$04
080F:05 06 07 08    14                                     DFB   $05,$06,$07,$08
0813:               15 ;
0813:48 45 4C 4C    16 MESSAGE   ASC                  "HELLO WORLD"
081E:00             17                                     DFB   $00
081F:               18 ;
081F:               19 ; END
